Microchip MPLAB XC8 Compiler V2.32

Linker command line:

-W-3 --edf=C:\Program Files\Microchip\xc8\v2.32\pic\dat\en_msgs.txt -cn \
  -h+dist/default/production\Software.production.sym \
  --cmf=dist/default/production\Software.production.cmf -z -Q16LF1829 \
  -oC:\Users\rober\AppData\Local\Temp\xcAs12vk.4 --defsym=__MPLAB_BUILD=1 \
  -Mdist/default/production/Software.production.map -E1 -ver=XC8 Compiler \
  --acfsm=1493 -ASTACK=02036h-023EFh -pstack=STACK -ACODE=00h-07FFhx4 \
  -ASTRCODE=00h-01FFFh -ASTRING=00h-0FFhx32 -ACONST=00h-0FFhx32 \
  -AENTRY=00h-0FFhx32 -ACOMMON=070h-07Fh -ABANK0=020h-06Fh \
  -ABANK1=0A0h-0EFh -ABANK2=0120h-016Fh -ABANK3=01A0h-01EFh \
  -ABANK4=0220h-026Fh -ABANK5=02A0h-02EFh -ABANK6=0320h-036Fh \
  -ABANK7=03A0h-03EFh -ABANK8=0420h-046Fh -ABANK9=04A0h-04EFh \
  -ABANK10=0520h-056Fh -ABANK11=05A0h-05EFh -ABANK12=0620h-064Fh \
  -ABIGRAM=02000h-023EFh \
  -ARAM=020h-06Fh,0A0h-0EFh,0120h-016Fh,01A0h-01EFh,0220h-026Fh,02A0h-02EFh,0320h-036Fh,03A0h-03EFh,0420h-046Fh,04A0h-04EFh,0520h-056Fh,05A0h-05EFh,0620h-064Fh \
  -AABS1=020h-07Fh,0A0h-0EFh,0120h-016Fh,01A0h-01EFh,0220h-026Fh,02A0h-02EFh,0320h-036Fh,03A0h-03EFh,0420h-046Fh,04A0h-04EFh,0520h-056Fh,05A0h-05EFh,0620h-064Fh \
  -ASFR0=00h-01Fh -ASFR1=080h-09Fh -ASFR2=0100h-011Fh -ASFR3=0180h-019Fh \
  -ASFR4=0200h-021Fh -ASFR5=0280h-029Fh -ASFR6=0300h-031Fh \
  -ASFR7=0380h-039Fh -ASFR8=0400h-041Fh -ASFR9=0480h-049Fh \
  -ASFR10=0500h-051Fh -ASFR11=0580h-059Fh -ASFR12=0600h-061Fh \
  -ASFR13=0680h-06EFh -ASFR14=0700h-076Fh -ASFR15=0780h-07EFh \
  -ASFR16=0800h-086Fh -ASFR17=0880h-08EFh -ASFR18=0900h-096Fh \
  -ASFR19=0980h-09EFh -ASFR20=0A00h-0A6Fh -ASFR21=0A80h-0AEFh \
  -ASFR22=0B00h-0B6Fh -ASFR23=0B80h-0BEFh -ASFR24=0C00h-0C6Fh \
  -ASFR25=0C80h-0CEFh -ASFR26=0D00h-0D6Fh -ASFR27=0D80h-0DEFh \
  -ASFR28=0E00h-0E6Fh -ASFR29=0E80h-0EEFh -ASFR30=0F00h-0F6Fh \
  -ASFR31=0F80h-0FEFh -ACONFIG=08007h-08008h -DCONFIG=2 \
  -AIDLOC=08000h-08003h -DIDLOC=2 -AEEDATA=00h-0FFh/0F000h \
  -peeprom_data=EEDATA -DEEDATA=2 -DCODE=2 -DSTRCODE=2 -DSTRING=2 -DCONST=2 \
  -DENTRY=2 -preset_vec=00h,intentry=04h,init,end_init -ppowerup=CODE \
  -pcinit=CODE -pfunctab=ENTRY -k \
  C:\Users\rober\AppData\Local\Temp\xcAs12vk.o \
  dist/default/production\Software.production.o 

Object code version is 3.11

Machine type is 16LF1829



                Name                               Link     Load   Length Selector   Space Scale
C:\Users\rober\AppData\Local\Temp\xcAs12vk.o
                end_init                             13       13        2        8       0
                reset_vec                             0        0        2        0       0
                config                             8007     8007        2        0       4
dist/default/production\Software.production.o
                cinit                                15       15        C        8       0
                intentry                              4        4        F        8       0
                config                             8007     8007        2        0       4
                text78                              4CF      4CF       16      714       0
                text77                              4A2      4A2       17      714       0
                text76                              48B      48B       17      714       0
                text75                              474      474       17      714       0
                text74                              6AE      6AE        1      714       0
                text73                              3A9      3A9       1D      714       0
                text72                              5C5      5C5        E      714       0
                text71                              615      615        9      714       0
                text69                              4B9      4B9       16      714       0
                text68                              45D      45D       17      714       0
                text67                              446      446       17      714       0
                text66                              6A7      6A7        3      714       0
                text65                              6A4      6A4        3      714       0
                text64                              6A1      6A1        3      714       0
                text63                              3C6      3C6       1C      714       0
                text62                              69E      69E        3      714       0
                text61                              69B      69B        3      714       0
                text60                              698      698        3      714       0
                text59                              57D      57D       10      714       0
                text58                              343      343       27        8       0
                text57                              5B7      5B7        E      714       0
                text56                              56A      56A       13      714       0
                text55                              557      557       13      714       0
                text54                              544      544       13      714       0
                text53                              531      531       13      714       0
                text52                              51E      51E       13      714       0
                text51                              3FC      3FC       1A      714       0
                text50                              6AC      6AC        2      714       0
                text49                              6AA      6AA        2      714       0
                text48                              50B      50B       13      714       0
                text47                              4F8      4F8       13      714       0
                text46                              4E5      4E5       13      714       0
                text45                              3E2      3E2       1A      714       0
                text44                              695      695        3      714       0
                text43                              68B      68B        4      714       0
                text42                              692      692        3      714       0
                text41                              687      687        4      714       0
                text40                              67E      67E        5      714       0
                text39                              641      641        6      714       0
                text38                              68F      68F        3      714       0
                text37                              292      292       30        8       0
                text36                              679      679        5      714       0
                text35                              60C      60C        9      714       0
                text34                              626      626        8      714       0
                text33                              150      150       56        8       0
                text32                              1A6      1A6       47        8       0
                text31                              62E      62E        7      714       0
                text30                              674      674        5      714       0
                text29                              66F      66F        5      714       0
                text28                              66A      66A        5      714       0
                text27                              665      665        5      714       0
                text26                              660      660        5      714       0
                text25                              65B      65B        5      714       0
                text24                              656      656        5      714       0
                text23                              651      651        5      714       0
                text22                              2C2      2C2       2D        8       0
                text21                              2EF      2EF       2B        8       0
                text20                              63B      63B        6      714       0
                text19                              5E0      5E0        D      714       0
                text18                              38A      38A       1F      714       0
                text17                              64C      64C        5      714       0
                text16                              5D3      5D3        D      714       0
                text15                              1ED      1ED       3A        8       0
                text14                              5A9      5A9        E      714       0
                text13                              227      227       37        8       0
                text12                              25E      25E       34        8       0
                text11                              42F      42F       17      714       0
                text10                              59B      59B        E      714       0
                text9                               58D      58D        E      714       0
                text8                               603      603        9      714       0
                text7                               5ED      5ED        C      714       0
                text6                               647      647        5      714       0
                text5                               31A      31A       29        8       0
                text4                               5F9      5F9        A      714       0
                text3                               61E      61E        8      714       0
                text2                               683      683        4      714       0
                text1                               416      416       19      714       0
                maintext                             21       21      12F        8       0
                cstackBANK0                          3D       3D       19       20       1
                cstackCOMMON                         70       70        8       70       1
                clrtext                             635      635        6      714       0
                bssBANK0                             20       20       1D       20       1
                nvCOMMON                             78       78        2       70       1
                stringtext1                         36A      36A       20      6D4       0

TOTAL           Name                               Link     Load   Length     Space
        CLASS   STACK          

        CLASS   CODE           
                end_init                             13       13        2         0
                cinit                                15       15        C         0
                intentry                              4        4        F         0
                reset_vec                             0        0        2         0
                text78                              4CF      4CF       16         0
                text77                              4A2      4A2       17         0
                text76                              48B      48B       17         0
                text75                              474      474       17         0
                text74                              6AE      6AE        1         0
                text73                              3A9      3A9       1D         0
                text72                              5C5      5C5        E         0
                text71                              615      615        9         0
                text69                              4B9      4B9       16         0
                text68                              45D      45D       17         0
                text67                              446      446       17         0
                text66                              6A7      6A7        3         0
                text65                              6A4      6A4        3         0
                text64                              6A1      6A1        3         0
                text63                              3C6      3C6       1C         0
                text62                              69E      69E        3         0
                text61                              69B      69B        3         0
                text60                              698      698        3         0
                text59                              57D      57D       10         0
                text58                              343      343       27         0
                text57                              5B7      5B7        E         0
                text56                              56A      56A       13         0
                text55                              557      557       13         0
                text54                              544      544       13         0
                text53                              531      531       13         0
                text52                              51E      51E       13         0
                text51                              3FC      3FC       1A         0
                text50                              6AC      6AC        2         0
                text49                              6AA      6AA        2         0
                text48                              50B      50B       13         0
                text47                              4F8      4F8       13         0
                text46                              4E5      4E5       13         0
                text45                              3E2      3E2       1A         0
                text44                              695      695        3         0
                text43                              68B      68B        4         0
                text42                              692      692        3         0
                text41                              687      687        4         0
                text40                              67E      67E        5         0
                text39                              641      641        6         0
                text38                              68F      68F        3         0
                text37                              292      292       30         0
                text36                              679      679        5         0
                text35                              60C      60C        9         0
                text34                              626      626        8         0
                text33                              150      150       56         0
                text32                              1A6      1A6       47         0
                text31                              62E      62E        7         0
                text30                              674      674        5         0
                text29                              66F      66F        5         0
                text28                              66A      66A        5         0
                text27                              665      665        5         0
                text26                              660      660        5         0
                text25                              65B      65B        5         0
                text24                              656      656        5         0
                text23                              651      651        5         0
                text22                              2C2      2C2       2D         0
                text21                              2EF      2EF       2B         0
                text20                              63B      63B        6         0
                text19                              5E0      5E0        D         0
                text18                              38A      38A       1F         0
                text17                              64C      64C        5         0
                text16                              5D3      5D3        D         0
                text15                              1ED      1ED       3A         0
                text14                              5A9      5A9        E         0
                text13                              227      227       37         0
                text12                              25E      25E       34         0
                text11                              42F      42F       17         0
                text10                              59B      59B        E         0
                text9                               58D      58D        E         0
                text8                               603      603        9         0
                text7                               5ED      5ED        C         0
                text6                               647      647        5         0
                text5                               31A      31A       29         0
                text4                               5F9      5F9        A         0
                text3                               61E      61E        8         0
                text2                               683      683        4         0
                text1                               416      416       19         0
                maintext                             21       21      12F         0
                clrtext                             635      635        6         0

        CLASS   STRCODE        
                stringtext1                         36A      36A       20         0

        CLASS   STRING         

        CLASS   CONST          

        CLASS   ENTRY          

        CLASS   COMMON         
                cstackCOMMON                         70       70        8         1
                nvCOMMON                             78       78        2         1

        CLASS   BANK0          
                cstackBANK0                          3D       3D       19         1
                bssBANK0                             20       20       1D         1

        CLASS   BANK1          

        CLASS   BANK2          

        CLASS   BANK3          

        CLASS   BANK4          

        CLASS   BANK5          

        CLASS   BANK6          

        CLASS   BANK7          

        CLASS   BANK8          

        CLASS   BANK9          

        CLASS   BANK10         

        CLASS   BANK11         

        CLASS   BANK12         

        CLASS   BIGRAM         

        CLASS   RAM            

        CLASS   ABS1           
                abs_s1                               7E       7E        2         1

        CLASS   SFR0           

        CLASS   SFR1           

        CLASS   SFR2           

        CLASS   SFR3           

        CLASS   SFR4           

        CLASS   SFR5           

        CLASS   SFR6           

        CLASS   SFR7           

        CLASS   SFR8           

        CLASS   SFR9           

        CLASS   SFR10          

        CLASS   SFR11          

        CLASS   SFR12          

        CLASS   SFR13          

        CLASS   SFR14          

        CLASS   SFR15          

        CLASS   SFR16          

        CLASS   SFR17          

        CLASS   SFR18          

        CLASS   SFR19          

        CLASS   SFR20          

        CLASS   SFR21          

        CLASS   SFR22          

        CLASS   SFR23          

        CLASS   SFR24          

        CLASS   SFR25          

        CLASS   SFR26          

        CLASS   SFR27          

        CLASS   SFR28          

        CLASS   SFR29          

        CLASS   SFR30          

        CLASS   SFR31          

        CLASS   CONFIG         
                config                             8007     8007        2         4

        CLASS   IDLOC          

        CLASS   EEDATA         

        CLASS   BANK31         

        CLASS   BANK30         

        CLASS   BANK29         

        CLASS   BANK28         

        CLASS   BANK27         

        CLASS   BANK26         

        CLASS   BANK25         

        CLASS   BANK24         

        CLASS   BANK23         

        CLASS   BANK22         

        CLASS   BANK21         

        CLASS   BANK20         

        CLASS   BANK19         

        CLASS   BANK18         

        CLASS   BANK17         

        CLASS   BANK16         

        CLASS   BANK15         

        CLASS   BANK14         

        CLASS   BANK13         



SEGMENTS        Name                           Load    Length   Top    Selector   Space  Class     Delta

                reset_vec                      000000  000002  000002         0       0  CODE        2
                intentry                       000004  000366  00036A         8       0  CODE        2
                bssBANK0                       000020  000036  000056        20       1  BANK0       1
                cstackCOMMON                   000070  00000A  00007A        70       1  COMMON      1
                stringtext1                    00036A  000020  00038A       6D4       0  STRCODE     2
                text18                         00038A  000325  0006AF       714       0  CODE        2


UNUSED ADDRESS RANGES

        Name                Unused          Largest block    Delta
        BANK0            00056-0006F              1A           1
        BANK1            000A0-000EF              50           1
        BANK10           00520-0056F              50           1
        BANK11           005A0-005EF              50           1
        BANK12           00620-0064F              30           1
        BANK2            00120-0016F              50           1
        BANK3            001A0-001EF              50           1
        BANK4            00220-0026F              50           1
        BANK5            002A0-002EF              50           1
        BANK6            00320-0036F              50           1
        BANK7            003A0-003EF              50           1
        BANK8            00420-0046F              50           1
        BANK9            004A0-004EF              50           1
        BIGRAM           02000-023EF             3F0           1
        CODE             00002-00003               2           2
                         006AF-01FFF             800
        COMMON           0007A-0007D               4           1
        CONST            00002-00003               2           2
                         006AF-01FFF             100
        EEDATA           0F000-0F0FF             100           2
        ENTRY            00002-00003               2           2
                         006AF-01FFF             100
        IDLOC            08000-08003               4           2
        RAM              00056-0006F              1A           1
                         000A0-000EF              50
                         00120-0016F              50
                         001A0-001EF              50
                         00220-0026F              50
                         002A0-002EF              50
                         00320-0036F              50
                         003A0-003EF              50
                         00420-0046F              50
                         004A0-004EF              50
                         00520-0056F              50
                         005A0-005EF              50
                         00620-0064F              30
        SFR0             00000-0001F              20           1
        SFR1             00080-0009F              20           1
        SFR10            00500-0051F              20           1
        SFR11            00580-0059F              20           1
        SFR12            00600-0061F              20           1
        SFR13            00680-006EF              70           1
        SFR14            00700-0076F              70           1
        SFR15            00780-007EF              70           1
        SFR16            00800-0086F              70           1
        SFR17            00880-008EF              70           1
        SFR18            00900-0096F              70           1
        SFR19            00980-009EF              70           1
        SFR2             00100-0011F              20           1
        SFR20            00A00-00A6F              70           1
        SFR21            00A80-00AEF              70           1
        SFR22            00B00-00B6F              70           1
        SFR23            00B80-00BEF              70           1
        SFR24            00C00-00C6F              70           1
        SFR25            00C80-00CEF              70           1
        SFR26            00D00-00D6F              70           1
        SFR27            00D80-00DEF              70           1
        SFR28            00E00-00E6F              70           1
        SFR29            00E80-00EEF              70           1
        SFR3             00180-0019F              20           1
        SFR30            00F00-00F6F              70           1
        SFR31            00F80-00FEF              70           1
        SFR4             00200-0021F              20           1
        SFR5             00280-0029F              20           1
        SFR6             00300-0031F              20           1
        SFR7             00380-0039F              20           1
        SFR8             00400-0041F              20           1
        SFR9             00480-0049F              20           1
        STACK            02036-023EF             3BA           1
        STRCODE          00002-00003               2           2
                         006AF-01FFF            1951
        STRING           00002-00003               2           2
                         006AF-01FFF             100

                                  Symbol Table

DELAY_milliseconds@milliseconds                           cstackCOMMON 00074
EPWM1_LoadDutyValue@dutyValue                             cstackCOMMON 00074
EPWM2_LoadDutyValue@dutyValue                             cstackCOMMON 00074
I2C1_Close@returnValue                                    cstackCOMMON 00075
I2C1_MasterOperation@read                                 cstackBANK0  0004A
I2C1_MasterOperation@returnValue                          cstackBANK0  0004B
I2C1_MasterSendTxData@data                                cstackCOMMON 00074
I2C1_Open@address                                         cstackCOMMON 00075
I2C1_Open@returnValue                                     cstackCOMMON 00076
I2C1_Read1ByteRegister@address                            cstackBANK0  0004E
I2C1_Read1ByteRegister@reg                                cstackBANK0  0004C
I2C1_Read1ByteRegister@returnValue                        cstackBANK0  0004F
I2C1_SetAddressNackCallback@cb                            cstackBANK0  0003E
I2C1_SetAddressNackCallback@ptr                           cstackBANK0  00040
I2C1_SetBuffer@buffer                                     cstackCOMMON 00077
I2C1_SetBuffer@bufferSize                                 cstackCOMMON 00074
I2C1_SetCallback@cb                                       cstackCOMMON 00074
I2C1_SetCallback@idx                                      cstackBANK0  0003D
I2C1_SetCallback@ptr                                      cstackCOMMON 00076
I2C1_SetDataCompleteCallback@cb                           cstackBANK0  0003E
I2C1_SetDataCompleteCallback@ptr                          cstackBANK0  00040
I2C1_Write1ByteRegister@address                           cstackBANK0  0004F
I2C1_Write1ByteRegister@data                              cstackBANK0  0004D
I2C1_Write1ByteRegister@reg                               cstackBANK0  0004C
IOCBF7_SetInterruptHandler@InterruptHandler               cstackCOMMON 00074
PWM4_LoadDutyValue@dutyValue                              cstackCOMMON 00074
_ANSELA                                                   (abs)        0018C
_ANSELB                                                   (abs)        0018D
_ANSELC                                                   (abs)        0018E
_APFCON0                                                  (abs)        0011D
_APFCON1                                                  (abs)        0011E
_BORCON                                                   (abs)        00116
_ButtonInterrupt                                          text73       003A9
_CCP1CON                                                  (abs)        00293
_CCP2AS                                                   (abs)        0029C
_CCP2CON                                                  (abs)        0029A
_CCP4CON                                                  (abs)        0031A
_CCPR1H                                                   (abs)        00292
_CCPR1L                                                   (abs)        00291
_CCPR2H                                                   (abs)        00299
_CCPR2L                                                   (abs)        00298
_CCPR4H                                                   (abs)        00319
_CCPR4L                                                   (abs)        00318
_CCPTMRSbits                                              (abs)        0029E
_DELAY_milliseconds                                       text69       004B9
_ECCP1AS                                                  (abs)        00295
_EPWM1_Initialize                                         text10       0059B
_EPWM1_LoadDutyValue                                      text68       0045D
_EPWM2_Initialize                                         text9        0058D
_EPWM2_LoadDutyValue                                      text67       00446
_I2C1_CallbackReturnReset                                 text49       006AA
_I2C1_CallbackReturnStop                                  text50       006AC
_I2C1_Close                                               text63       003C6
_I2C1_DO_ADDRESS_NACK                                     text22       002C2
_I2C1_DO_IDLE                                             text36       00679
_I2C1_DO_RCEN                                             text31       0062E
_I2C1_DO_RESET                                            text23       00651
_I2C1_DO_RX                                               text32       001A6
_I2C1_DO_RX_ACK                                           text26       00660
_I2C1_DO_RX_NACK_RESTART                                  text24       00656
_I2C1_DO_RX_NACK_STOP                                     text25       0065B
_I2C1_DO_SEND_ADR_READ                                    text35       0060C
_I2C1_DO_SEND_ADR_WRITE                                   text34       00626
_I2C1_DO_SEND_RESTART                                     text28       0066A
_I2C1_DO_SEND_RESTART_READ                                text30       00674
_I2C1_DO_SEND_RESTART_WRITE                               text29       0066F
_I2C1_DO_SEND_STOP                                        text27       00665
_I2C1_DO_TX                                               text33       00150
_I2C1_DO_TX_EMPTY                                         text37       00292
_I2C1_Initialize                                          text8        00603
_I2C1_MasterClearIrq                                      text66       006A7
_I2C1_MasterClose                                         text65       006A4
_I2C1_MasterDisableIrq                                    text64       006A1
_I2C1_MasterEnableRestart                                 text61       0069B
_I2C1_MasterFsm                                           text21       002EF
_I2C1_MasterGetRxData                                     text42       00692
_I2C1_MasterIsNack                                        text39       00641
_I2C1_MasterOpen                                          text16       005D3
_I2C1_MasterOperation                                     text18       0038A
_I2C1_MasterSendAck                                       text41       00687
_I2C1_MasterSendNack                                      text43       0068B
_I2C1_MasterSendTxData                                    text40       0067E
_I2C1_MasterSetIrq                                        text38       0068F
_I2C1_MasterStart                                         text62       0069E
_I2C1_MasterStartRx                                       text44       00695
_I2C1_MasterStop                                          text60       00698
_I2C1_MasterWaitForEvent                                  text20       0063B
_I2C1_MasterWrite                                         text17       0064C
_I2C1_Open                                                text15       001ED
_I2C1_Poller                                              text19       005E0
_I2C1_Read1ByteRegister                                   text13       00227
_I2C1_SetAddressNackCallback                              text14       005A9
_I2C1_SetBuffer                                           text59       0057D
_I2C1_SetCallback                                         text58       00343
_I2C1_SetDataCompleteCallback                             text57       005B7
_I2C1_Status                                              bssBANK0     00020
_I2C1_Write1ByteRegister                                  text12       0025E
_INTCONbits                                               (abs)        0000B
_INTERRUPT_InterruptManager                               intentry     00004
_IOCBF7_DefaultInterruptHandler                           text74       006AE
_IOCBF7_ISR                                               text72       005C5
_IOCBF7_InterruptHandler                                  nvCOMMON     00078
_IOCBF7_SetInterruptHandler                               text6        00647
_IOCBFbits                                                (abs)        00396
_IOCBNbits                                                (abs)        00395
_IOCBPbits                                                (abs)        00394
_LATA                                                     (abs)        0010C
_LATB                                                     (abs)        0010D
_LATC                                                     (abs)        0010E
_OPTION_REGbits                                           (abs)        00095
_OSCCON                                                   (abs)        00099
_OSCILLATOR_Initialize                                    text7        005ED
_OSCTUNE                                                  (abs)        00098
_PIE1bits                                                 (abs)        00091
_PIN_MANAGER_IOC                                          text71       00615
_PIN_MANAGER_Initialize                                   text5        0031A
_PIR1bits                                                 (abs)        00011
_PIR2bits                                                 (abs)        00012
_PLLR                                                     (abs)        004D6
_PR2                                                      (abs)        0001B
_PSTR1CON                                                 (abs)        00296
_PSTR2CON                                                 (abs)        0029D
_PWM1CON                                                  (abs)        00294
_PWM2CON                                                  (abs)        0029B
_PWM4_Initialize                                          text4        005F9
_PWM4_LoadDutyValue                                       text11       0042F
_SSP1ADD                                                  (abs)        00212
_SSP1BUF                                                  (abs)        00211
_SSP1CON1                                                 (abs)        00215
_SSP1CON1bits                                             (abs)        00215
_SSP1CON2                                                 (abs)        00216
_SSP1CON2bits                                             (abs)        00216
_SSP1STAT                                                 (abs)        00214
_SSP1STATbits                                             (abs)        00214
_SYSTEM_Initialize                                        text1        00416
_T2CON                                                    (abs)        0001C
_T2CONbits                                                (abs)        0001C
_TMR2                                                     (abs)        0001A
_TMR2_Initialize                                          text3        0061E
_TRISA                                                    (abs)        0008C
_TRISB                                                    (abs)        0008D
_TRISC                                                    (abs)        0008E
_WDTCON                                                   (abs)        00097
_WDT_Initialize                                           text2        00683
_WPUA                                                     (abs)        0020C
_WPUB                                                     (abs)        0020D
_WPUC                                                     (abs)        0020E
__Habs1                                                   abs1         00000
__Hbank0                                                  bank0        00000
__Hbank1                                                  bank1        00000
__Hbank10                                                 bank10       00000
__Hbank11                                                 bank11       00000
__Hbank12                                                 bank12       00000
__Hbank13                                                 bank13       00000
__Hbank14                                                 bank14       00000
__Hbank15                                                 bank15       00000
__Hbank16                                                 bank16       00000
__Hbank17                                                 bank17       00000
__Hbank18                                                 bank18       00000
__Hbank19                                                 bank19       00000
__Hbank2                                                  bank2        00000
__Hbank20                                                 bank20       00000
__Hbank21                                                 bank21       00000
__Hbank22                                                 bank22       00000
__Hbank23                                                 bank23       00000
__Hbank24                                                 bank24       00000
__Hbank25                                                 bank25       00000
__Hbank26                                                 bank26       00000
__Hbank27                                                 bank27       00000
__Hbank28                                                 bank28       00000
__Hbank29                                                 bank29       00000
__Hbank3                                                  bank3        00000
__Hbank30                                                 bank30       00000
__Hbank31                                                 bank31       00000
__Hbank4                                                  bank4        00000
__Hbank5                                                  bank5        00000
__Hbank6                                                  bank6        00000
__Hbank7                                                  bank7        00000
__Hbank8                                                  bank8        00000
__Hbank9                                                  bank9        00000
__Hbigram                                                 bigram       00000
__HbssBANK0                                               bssBANK0     00000
__Hcinit                                                  cinit        00021
__Hclrtext                                                clrtext      00000
__Hcode                                                   code         00000
__Hcommon                                                 common       00000
__Hconfig                                                 config       08009
__HcstackBANK0                                            cstackBANK0  00000
__HcstackCOMMON                                           cstackCOMMON 00000
__Heeprom_data                                            eeprom_data  00000
__Hend_init                                               end_init     00015
__Hfunctab                                                functab      00000
__Hinit                                                   init         00013
__Hintentry                                               intentry     00013
__Hmaintext                                               maintext     00000
__HnvCOMMON                                               nvCOMMON     00000
__Hpowerup                                                powerup      00000
__Hram                                                    ram          00000
__Hreset_vec                                              reset_vec    00002
__Hsfr0                                                   sfr0         00000
__Hsfr1                                                   sfr1         00000
__Hsfr10                                                  sfr10        00000
__Hsfr11                                                  sfr11        00000
__Hsfr12                                                  sfr12        00000
__Hsfr13                                                  sfr13        00000
__Hsfr14                                                  sfr14        00000
__Hsfr15                                                  sfr15        00000
__Hsfr16                                                  sfr16        00000
__Hsfr17                                                  sfr17        00000
__Hsfr18                                                  sfr18        00000
__Hsfr19                                                  sfr19        00000
__Hsfr2                                                   sfr2         00000
__Hsfr20                                                  sfr20        00000
__Hsfr21                                                  sfr21        00000
__Hsfr22                                                  sfr22        00000
__Hsfr23                                                  sfr23        00000
__Hsfr24                                                  sfr24        00000
__Hsfr25                                                  sfr25        00000
__Hsfr26                                                  sfr26        00000
__Hsfr27                                                  sfr27        00000
__Hsfr28                                                  sfr28        00000
__Hsfr29                                                  sfr29        00000
__Hsfr3                                                   sfr3         00000
__Hsfr30                                                  sfr30        00000
__Hsfr31                                                  sfr31        00000
__Hsfr4                                                   sfr4         00000
__Hsfr5                                                   sfr5         00000
__Hsfr6                                                   sfr6         00000
__Hsfr7                                                   sfr7         00000
__Hsfr8                                                   sfr8         00000
__Hsfr9                                                   sfr9         00000
__Hspace_0                                                (abs)        006AF
__Hspace_1                                                (abs)        0007A
__Hspace_2                                                (abs)        00000
__Hspace_3                                                (abs)        00000
__Hspace_4                                                (abs)        10010
__Hstack                                                  stack        00000
__Hstrings                                                strings      00000
__Hstringtext1                                            stringtext1  00000
__Htext                                                   text         00000
__Labs1                                                   abs1         00000
__Lbank0                                                  bank0        00000
__Lbank1                                                  bank1        00000
__Lbank10                                                 bank10       00000
__Lbank11                                                 bank11       00000
__Lbank12                                                 bank12       00000
__Lbank13                                                 bank13       00000
__Lbank14                                                 bank14       00000
__Lbank15                                                 bank15       00000
__Lbank16                                                 bank16       00000
__Lbank17                                                 bank17       00000
__Lbank18                                                 bank18       00000
__Lbank19                                                 bank19       00000
__Lbank2                                                  bank2        00000
__Lbank20                                                 bank20       00000
__Lbank21                                                 bank21       00000
__Lbank22                                                 bank22       00000
__Lbank23                                                 bank23       00000
__Lbank24                                                 bank24       00000
__Lbank25                                                 bank25       00000
__Lbank26                                                 bank26       00000
__Lbank27                                                 bank27       00000
__Lbank28                                                 bank28       00000
__Lbank29                                                 bank29       00000
__Lbank3                                                  bank3        00000
__Lbank30                                                 bank30       00000
__Lbank31                                                 bank31       00000
__Lbank4                                                  bank4        00000
__Lbank5                                                  bank5        00000
__Lbank6                                                  bank6        00000
__Lbank7                                                  bank7        00000
__Lbank8                                                  bank8        00000
__Lbank9                                                  bank9        00000
__Lbigram                                                 bigram       00000
__LbssBANK0                                               bssBANK0     00000
__Lcinit                                                  cinit        00015
__Lclrtext                                                clrtext      00000
__Lcode                                                   code         00000
__Lcommon                                                 common       00000
__Lconfig                                                 config       00000
__LcstackBANK0                                            cstackBANK0  00000
__LcstackCOMMON                                           cstackCOMMON 00000
__Leeprom_data                                            eeprom_data  00000
__Lend_init                                               end_init     00013
__Lfunctab                                                functab      00000
__Linit                                                   init         00013
__Lintentry                                               intentry     00004
__Lmaintext                                               maintext     00000
__LnvCOMMON                                               nvCOMMON     00000
__Lpowerup                                                powerup      00000
__Lram                                                    ram          00000
__Lreset_vec                                              reset_vec    00000
__Lsfr0                                                   sfr0         00000
__Lsfr1                                                   sfr1         00000
__Lsfr10                                                  sfr10        00000
__Lsfr11                                                  sfr11        00000
__Lsfr12                                                  sfr12        00000
__Lsfr13                                                  sfr13        00000
__Lsfr14                                                  sfr14        00000
__Lsfr15                                                  sfr15        00000
__Lsfr16                                                  sfr16        00000
__Lsfr17                                                  sfr17        00000
__Lsfr18                                                  sfr18        00000
__Lsfr19                                                  sfr19        00000
__Lsfr2                                                   sfr2         00000
__Lsfr20                                                  sfr20        00000
__Lsfr21                                                  sfr21        00000
__Lsfr22                                                  sfr22        00000
__Lsfr23                                                  sfr23        00000
__Lsfr24                                                  sfr24        00000
__Lsfr25                                                  sfr25        00000
__Lsfr26                                                  sfr26        00000
__Lsfr27                                                  sfr27        00000
__Lsfr28                                                  sfr28        00000
__Lsfr29                                                  sfr29        00000
__Lsfr3                                                   sfr3         00000
__Lsfr30                                                  sfr30        00000
__Lsfr31                                                  sfr31        00000
__Lsfr4                                                   sfr4         00000
__Lsfr5                                                   sfr5         00000
__Lsfr6                                                   sfr6         00000
__Lsfr7                                                   sfr7         00000
__Lsfr8                                                   sfr8         00000
__Lsfr9                                                   sfr9         00000
__Lspace_0                                                (abs)        00000
__Lspace_1                                                (abs)        00000
__Lspace_2                                                (abs)        00000
__Lspace_3                                                (abs)        00000
__Lspace_4                                                (abs)        00000
__Lstack                                                  stack        00000
__Lstrings                                                strings      00000
__Lstringtext1                                            stringtext1  00000
__Ltext                                                   text         00000
__S0                                                      (abs)        006AF
__S1                                                      (abs)        0007A
__S2                                                      (abs)        00000
__S3                                                      (abs)        00000
___int_sp                                                 stack        00000
___latbits                                                (abs)        00002
___sp                                                     stack        00000
___stackhi                                                (abs)        023EF
___stacklo                                                (abs)        02036
__end_of_ButtonInterrupt                                  text73       003C6
__end_of_DELAY_milliseconds                               text69       004CF
__end_of_EPWM1_Initialize                                 text10       005A9
__end_of_EPWM1_LoadDutyValue                              text68       00474
__end_of_EPWM2_Initialize                                 text9        0059B
__end_of_EPWM2_LoadDutyValue                              text67       0045D
__end_of_I2C1_CallbackReturnReset                         text49       006AC
__end_of_I2C1_CallbackReturnStop                          text50       006AE
__end_of_I2C1_Close                                       text63       003E2
__end_of_I2C1_DO_ADDRESS_NACK                             text22       002EF
__end_of_I2C1_DO_IDLE                                     text36       0067E
__end_of_I2C1_DO_RCEN                                     text31       00635
__end_of_I2C1_DO_RESET                                    text23       00656
__end_of_I2C1_DO_RX                                       text32       001ED
__end_of_I2C1_DO_RX_ACK                                   text26       00665
__end_of_I2C1_DO_RX_NACK_RESTART                          text24       0065B
__end_of_I2C1_DO_RX_NACK_STOP                             text25       00660
__end_of_I2C1_DO_SEND_ADR_READ                            text35       00615
__end_of_I2C1_DO_SEND_ADR_WRITE                           text34       0062E
__end_of_I2C1_DO_SEND_RESTART                             text28       0066F
__end_of_I2C1_DO_SEND_RESTART_READ                        text30       00679
__end_of_I2C1_DO_SEND_RESTART_WRITE                       text29       00674
__end_of_I2C1_DO_SEND_STOP                                text27       0066A
__end_of_I2C1_DO_TX                                       text33       001A6
__end_of_I2C1_DO_TX_EMPTY                                 text37       002C2
__end_of_I2C1_Initialize                                  text8        0060C
__end_of_I2C1_MasterClearIrq                              text66       006AA
__end_of_I2C1_MasterClose                                 text65       006A7
__end_of_I2C1_MasterDisableIrq                            text64       006A4
__end_of_I2C1_MasterEnableRestart                         text61       0069E
__end_of_I2C1_MasterFsm                                   text21       0031A
__end_of_I2C1_MasterGetRxData                             text42       00695
__end_of_I2C1_MasterIsNack                                text39       00647
__end_of_I2C1_MasterOpen                                  text16       005E0
__end_of_I2C1_MasterOperation                             text18       003A9
__end_of_I2C1_MasterSendAck                               text41       0068B
__end_of_I2C1_MasterSendNack                              text43       0068F
__end_of_I2C1_MasterSendTxData                            text40       00683
__end_of_I2C1_MasterSetIrq                                text38       00692
__end_of_I2C1_MasterStart                                 text62       006A1
__end_of_I2C1_MasterStartRx                               text44       00698
__end_of_I2C1_MasterStop                                  text60       0069B
__end_of_I2C1_MasterWaitForEvent                          text20       00641
__end_of_I2C1_MasterWrite                                 text17       00651
__end_of_I2C1_Open                                        text15       00227
__end_of_I2C1_Poller                                      text19       005ED
__end_of_I2C1_Read1ByteRegister                           text13       0025E
__end_of_I2C1_SetAddressNackCallback                      text14       005B7
__end_of_I2C1_SetBuffer                                   text59       0058D
__end_of_I2C1_SetCallback                                 text58       0036A
__end_of_I2C1_SetDataCompleteCallback                     text57       005C5
__end_of_I2C1_Write1ByteRegister                          text12       00292
__end_of_INTERRUPT_InterruptManager                       intentry     00013
__end_of_IOCBF7_DefaultInterruptHandler                   text74       006AF
__end_of_IOCBF7_ISR                                       text72       005D3
__end_of_IOCBF7_SetInterruptHandler                       text6        0064C
__end_of_OSCILLATOR_Initialize                            text7        005F9
__end_of_PIN_MANAGER_IOC                                  text71       0061E
__end_of_PIN_MANAGER_Initialize                           text5        00343
__end_of_PWM4_Initialize                                  text4        00603
__end_of_PWM4_LoadDutyValue                               text11       00446
__end_of_SYSTEM_Initialize                                text1        0042F
__end_of_TMR2_Initialize                                  text3        00626
__end_of_WDT_Initialize                                   text2        00687
__end_of__initialization                                  cinit        0001D
__end_of_i2c1_fsmStateTable                               stringtext1  0038A
__end_of_main                                             maintext     00150
__end_of_rd1RegCompleteHandler                            text55       0056A
__end_of_rd1RegCompleteHandler@i2c_simple_master$F1268    text47       0050B
__end_of_rd2RegCompleteHandler                            text54       00557
__end_of_rd2RegCompleteHandler@i2c_simple_master$F1276    text46       004F8
__end_of_rdBlkRegCompleteHandler                          text51       00416
__end_of_rdBlkRegCompleteHandler@i2c_simple_master$F1288  text45       003FC
__end_of_wr1RegCompleteHandler                            text53       00544
__end_of_wr1RegCompleteHandler@i2c_simple_master$F1258    text48       0051E
__end_of_wr2RegCompleteHandler                            text52       00531
__end_of_wr2RegCompleteHandler@i2c_simple_master$F1282    text56       0057D
__end_ofi1_DELAY_milliseconds                             text78       004E5
__end_ofi1_EPWM1_LoadDutyValue                            text77       004B9
__end_ofi1_EPWM2_LoadDutyValue                            text76       004A2
__end_ofi1_PWM4_LoadDutyValue                             text75       0048B
__initialization                                          cinit        00015
__pbssBANK0                                               bssBANK0     00020
__pcstackBANK0                                            cstackBANK0  0003D
__pcstackCOMMON                                           cstackCOMMON 00070
__pintentry                                               intentry     00004
__pmaintext                                               maintext     00021
__pnvCOMMON                                               nvCOMMON     00078
__pstringtext1                                            stringtext1  0036A
__ptext1                                                  text1        00416
__ptext10                                                 text10       0059B
__ptext11                                                 text11       0042F
__ptext12                                                 text12       0025E
__ptext13                                                 text13       00227
__ptext14                                                 text14       005A9
__ptext15                                                 text15       001ED
__ptext16                                                 text16       005D3
__ptext17                                                 text17       0064C
__ptext18                                                 text18       0038A
__ptext19                                                 text19       005E0
__ptext2                                                  text2        00683
__ptext20                                                 text20       0063B
__ptext21                                                 text21       002EF
__ptext22                                                 text22       002C2
__ptext23                                                 text23       00651
__ptext24                                                 text24       00656
__ptext25                                                 text25       0065B
__ptext26                                                 text26       00660
__ptext27                                                 text27       00665
__ptext28                                                 text28       0066A
__ptext29                                                 text29       0066F
__ptext3                                                  text3        0061E
__ptext30                                                 text30       00674
__ptext31                                                 text31       0062E
__ptext32                                                 text32       001A6
__ptext33                                                 text33       00150
__ptext34                                                 text34       00626
__ptext35                                                 text35       0060C
__ptext36                                                 text36       00679
__ptext37                                                 text37       00292
__ptext38                                                 text38       0068F
__ptext39                                                 text39       00641
__ptext4                                                  text4        005F9
__ptext40                                                 text40       0067E
__ptext41                                                 text41       00687
__ptext42                                                 text42       00692
__ptext43                                                 text43       0068B
__ptext44                                                 text44       00695
__ptext45                                                 text45       003E2
__ptext46                                                 text46       004E5
__ptext47                                                 text47       004F8
__ptext48                                                 text48       0050B
__ptext49                                                 text49       006AA
__ptext5                                                  text5        0031A
__ptext50                                                 text50       006AC
__ptext51                                                 text51       003FC
__ptext52                                                 text52       0051E
__ptext53                                                 text53       00531
__ptext54                                                 text54       00544
__ptext55                                                 text55       00557
__ptext56                                                 text56       0056A
__ptext57                                                 text57       005B7
__ptext58                                                 text58       00343
__ptext59                                                 text59       0057D
__ptext6                                                  text6        00647
__ptext60                                                 text60       00698
__ptext61                                                 text61       0069B
__ptext62                                                 text62       0069E
__ptext63                                                 text63       003C6
__ptext64                                                 text64       006A1
__ptext65                                                 text65       006A4
__ptext66                                                 text66       006A7
__ptext67                                                 text67       00446
__ptext68                                                 text68       0045D
__ptext69                                                 text69       004B9
__ptext7                                                  text7        005ED
__ptext71                                                 text71       00615
__ptext72                                                 text72       005C5
__ptext73                                                 text73       003A9
__ptext74                                                 text74       006AE
__ptext75                                                 text75       00474
__ptext76                                                 text76       0048B
__ptext77                                                 text77       004A2
__ptext78                                                 text78       004CF
__ptext8                                                  text8        00603
__ptext9                                                  text9        0058D
__size_of_ButtonInterrupt                                 (abs)        00000
__size_of_DELAY_milliseconds                              (abs)        00000
__size_of_EPWM1_Initialize                                (abs)        00000
__size_of_EPWM1_LoadDutyValue                             (abs)        00000
__size_of_EPWM2_Initialize                                (abs)        00000
__size_of_EPWM2_LoadDutyValue                             (abs)        00000
__size_of_I2C1_CallbackReturnReset                        (abs)        00000
__size_of_I2C1_CallbackReturnStop                         (abs)        00000
__size_of_I2C1_Close                                      (abs)        00000
__size_of_I2C1_DO_ADDRESS_NACK                            (abs)        00000
__size_of_I2C1_DO_IDLE                                    (abs)        00000
__size_of_I2C1_DO_RCEN                                    (abs)        00000
__size_of_I2C1_DO_RESET                                   (abs)        00000
__size_of_I2C1_DO_RX                                      (abs)        00000
__size_of_I2C1_DO_RX_ACK                                  (abs)        00000
__size_of_I2C1_DO_RX_NACK_RESTART                         (abs)        00000
__size_of_I2C1_DO_RX_NACK_STOP                            (abs)        00000
__size_of_I2C1_DO_SEND_ADR_READ                           (abs)        00000
__size_of_I2C1_DO_SEND_ADR_WRITE                          (abs)        00000
__size_of_I2C1_DO_SEND_RESTART                            (abs)        00000
__size_of_I2C1_DO_SEND_RESTART_READ                       (abs)        00000
__size_of_I2C1_DO_SEND_RESTART_WRITE                      (abs)        00000
__size_of_I2C1_DO_SEND_STOP                               (abs)        00000
__size_of_I2C1_DO_TX                                      (abs)        00000
__size_of_I2C1_DO_TX_EMPTY                                (abs)        00000
__size_of_I2C1_Initialize                                 (abs)        00000
__size_of_I2C1_MasterClearIrq                             (abs)        00000
__size_of_I2C1_MasterClose                                (abs)        00000
__size_of_I2C1_MasterDisableIrq                           (abs)        00000
__size_of_I2C1_MasterEnableRestart                        (abs)        00000
__size_of_I2C1_MasterFsm                                  (abs)        00000
__size_of_I2C1_MasterGetRxData                            (abs)        00000
__size_of_I2C1_MasterIsNack                               (abs)        00000
__size_of_I2C1_MasterOpen                                 (abs)        00000
__size_of_I2C1_MasterOperation                            (abs)        00000
__size_of_I2C1_MasterSendAck                              (abs)        00000
__size_of_I2C1_MasterSendNack                             (abs)        00000
__size_of_I2C1_MasterSendTxData                           (abs)        00000
__size_of_I2C1_MasterSetIrq                               (abs)        00000
__size_of_I2C1_MasterStart                                (abs)        00000
__size_of_I2C1_MasterStartRx                              (abs)        00000
__size_of_I2C1_MasterStop                                 (abs)        00000
__size_of_I2C1_MasterWaitForEvent                         (abs)        00000
__size_of_I2C1_MasterWrite                                (abs)        00000
__size_of_I2C1_Open                                       (abs)        00000
__size_of_I2C1_Poller                                     (abs)        00000
__size_of_I2C1_Read1ByteRegister                          (abs)        00000
__size_of_I2C1_SetAddressNackCallback                     (abs)        00000
__size_of_I2C1_SetBuffer                                  (abs)        00000
__size_of_I2C1_SetCallback                                (abs)        00000
__size_of_I2C1_SetDataCompleteCallback                    (abs)        00000
__size_of_I2C1_Write1ByteRegister                         (abs)        00000
__size_of_INTERRUPT_InterruptManager                      (abs)        00000
__size_of_IOCBF7_DefaultInterruptHandler                  (abs)        00000
__size_of_IOCBF7_ISR                                      (abs)        00000
__size_of_IOCBF7_SetInterruptHandler                      (abs)        00000
__size_of_OSCILLATOR_Initialize                           (abs)        00000
__size_of_PIN_MANAGER_IOC                                 (abs)        00000
__size_of_PIN_MANAGER_Initialize                          (abs)        00000
__size_of_PWM4_Initialize                                 (abs)        00000
__size_of_PWM4_LoadDutyValue                              (abs)        00000
__size_of_SYSTEM_Initialize                               (abs)        00000
__size_of_TMR2_Initialize                                 (abs)        00000
__size_of_WDT_Initialize                                  (abs)        00000
__size_of_main                                            (abs)        00000
__size_of_rd1RegCompleteHandler                           (abs)        00000
__size_of_rd1RegCompleteHandler@i2c_simple_master$F1268   (abs)        00000
__size_of_rd2RegCompleteHandler                           (abs)        00000
__size_of_rd2RegCompleteHandler@i2c_simple_master$F1276   (abs)        00000
__size_of_rdBlkRegCompleteHandler                         (abs)        00000
__size_of_rdBlkRegCompleteHandler@i2c_simple_master$F1288 (abs)        00000
__size_of_wr1RegCompleteHandler                           (abs)        00000
__size_of_wr1RegCompleteHandler@i2c_simple_master$F1258   (abs)        00000
__size_of_wr2RegCompleteHandler                           (abs)        00000
__size_of_wr2RegCompleteHandler@i2c_simple_master$F1282   (abs)        00000
__size_ofi1_DELAY_milliseconds                            (abs)        00000
__size_ofi1_EPWM1_LoadDutyValue                           (abs)        00000
__size_ofi1_EPWM2_LoadDutyValue                           (abs)        00000
__size_ofi1_PWM4_LoadDutyValue                            (abs)        00000
_i2c1_fsmStateTable                                       stringtext1  0036A
_main                                                     maintext     00021
_rd1RegCompleteHandler                                    text55       00557
_rd1RegCompleteHandler@i2c_simple_master$F1268            text47       004F8
_rd2RegCompleteHandler                                    text54       00544
_rd2RegCompleteHandler@i2c_simple_master$F1276            text46       004E5
_rdBlkRegCompleteHandler                                  text51       003FC
_rdBlkRegCompleteHandler@i2c_simple_master$F1288          text45       003E2
_wr1RegCompleteHandler                                    text53       00531
_wr1RegCompleteHandler@i2c_simple_master$F1258            text48       0050B
_wr2RegCompleteHandler                                    text52       0051E
_wr2RegCompleteHandler@i2c_simple_master$F1282            text56       0056A
btemp                                                     (abs)        0007E
clear_ram0                                                clrtext      00635
end_of_initialization                                     cinit        0001D
i1DELAY_milliseconds@milliseconds                         cstackCOMMON 00070
i1EPWM1_LoadDutyValue@dutyValue                           cstackCOMMON 00070
i1EPWM2_LoadDutyValue@dutyValue                           cstackCOMMON 00070
i1PWM4_LoadDutyValue@dutyValue                            cstackCOMMON 00070
i1_DELAY_milliseconds                                     text78       004CF
i1_EPWM1_LoadDutyValue                                    text77       004A2
i1_EPWM2_LoadDutyValue                                    text76       0048B
i1_PWM4_LoadDutyValue                                     text75       00474
int$flags                                                 (abs)        0007E
intlevel0                                                 functab      00000
intlevel1                                                 functab      00000
intlevel2                                                 functab      00000
intlevel3                                                 functab      00000
intlevel4                                                 functab      00000
intlevel5                                                 functab      00000
main@data                                                 cstackBANK0  00052
main@data_x                                               cstackBANK0  00053
main@data_y                                               cstackBANK0  00054
main@data_z                                               cstackBANK0  00055
rd1RegCompleteHandler@i2c_simple_master$F1268@p           cstackBANK0  00042
rd1RegCompleteHandler@ptr                                 cstackBANK0  00042
rd2RegCompleteHandler@i2c_simple_master$F1276@p           cstackBANK0  00042
rd2RegCompleteHandler@ptr                                 cstackBANK0  00042
rdBlkRegCompleteHandler@i2c_simple_master$F1288@p         cstackBANK0  00042
rdBlkRegCompleteHandler@ptr                               cstackBANK0  00042
reset_vec                                                 reset_vec    00000
start                                                     init         00013
start_initialization                                      cinit        00015
wr1RegCompleteHandler@i2c_simple_master$F1258@p           cstackBANK0  00042
wr1RegCompleteHandler@ptr                                 cstackBANK0  00042
wr2RegCompleteHandler@i2c_simple_master$F1282@p           cstackBANK0  00042
wr2RegCompleteHandler@ptr                                 cstackBANK0  00042
wtemp0                                                    (abs)        0007E


MODULE INFORMATION

Module		Function		Class		Link	Load	Size
mcc_generated_files/examples/i2c1_master_example.c
		_wr1RegCompleteHandler		CODE           	0531	0000	19
		_wr2RegCompleteHandler		CODE           	051E	0000	19
		_I2C1_Write1ByteRegister		CODE           	025E	0000	52
		_rdBlkRegCompleteHandler		CODE           	03FC	0000	26
		_rd1RegCompleteHandler		CODE           	0557	0000	19
		_rd2RegCompleteHandler		CODE           	0544	0000	19
		_I2C1_Read1ByteRegister		CODE           	0227	0000	55

mcc_generated_files/examples/i2c1_master_example.c estimated size: 209

mcc_generated_files/i2c1_master.c
		_I2C1_DO_SEND_RESTART		CODE           	066A	0000	5
		_I2C1_DO_TX_EMPTY		CODE           	0292	0000	48
		_I2C1_DO_SEND_RESTART_READ		CODE           	0674	0000	5
		_I2C1_CallbackReturnStop		CODE           	06AC	0000	2
		_I2C1_DO_RX    		CODE           	01A6	0000	71
		_I2C1_DO_TX    		CODE           	0150	0000	86
		_I2C1_SetAddressNackCallback		CODE           	05A9	0000	14
		_I2C1_DO_IDLE  		CODE           	0679	0000	5
		_I2C1_MasterOpen		CODE           	05D3	0000	13
		_I2C1_DO_RCEN  		CODE           	062E	0000	7
		_I2C1_MasterSendTxData		CODE           	067E	0000	5
		_I2C1_MasterStop		CODE           	0698	0000	3
		_I2C1_CallbackReturnReset		CODE           	06AA	0000	2
		_I2C1_DO_RESET 		CODE           	0651	0000	5
		_I2C1_MasterStartRx		CODE           	0695	0000	3
		_I2C1_Poller   		CODE           	05E0	0000	13
		_I2C1_DO_RX_ACK		CODE           	0660	0000	5
		_I2C1_MasterWaitForEvent		CODE           	063B	0000	6
		_I2C1_MasterSendNack		CODE           	068B	0000	4
		_I2C1_DO_RX_NACK_RESTART		CODE           	0656	0000	5
		_I2C1_MasterDisableIrq		CODE           	06A1	0000	3
		_I2C1_MasterOperation		CODE           	038A	0000	31
		_I2C1_SetCallback		CODE           	0343	0000	39
		_I2C1_MasterEnableRestart		CODE           	069B	0000	3
		_I2C1_Open     		CODE           	01ED	0000	58
		_I2C1_DO_ADDRESS_NACK		CODE           	02C2	0000	45
		_I2C1_SetBuffer		CODE           	057D	0000	16
		_I2C1_DO_SEND_RESTART_WRITE		CODE           	066F	0000	5
		_I2C1_MasterClose		CODE           	06A4	0000	3
		_I2C1_MasterWrite		CODE           	064C	0000	5
		_I2C1_Initialize		CODE           	0603	0000	9
		_I2C1_Close    		CODE           	03C6	0000	28
		_I2C1_MasterIsNack		CODE           	0641	0000	6
		_I2C1_MasterStart		CODE           	069E	0000	3
		_I2C1_DO_SEND_ADR_WRITE		CODE           	0626	0000	8
		_I2C1_MasterClearIrq		CODE           	06A7	0000	3
		_I2C1_SetDataCompleteCallback		CODE           	05B7	0000	14
		_I2C1_DO_SEND_STOP		CODE           	0665	0000	5
		_I2C1_MasterSendAck		CODE           	0687	0000	4
		_I2C1_MasterFsm		CODE           	02EF	0000	43
		_I2C1_MasterGetRxData		CODE           	0692	0000	3
		_I2C1_MasterSetIrq		CODE           	068F	0000	3
		_I2C1_DO_SEND_ADR_READ		CODE           	060C	0000	9
		_I2C1_DO_RX_NACK_STOP		CODE           	065B	0000	5

mcc_generated_files/i2c1_master.c estimated size: 658

mcc_generated_files/pwm4.c
		_PWM4_Initialize		CODE           	05F9	0000	10
		_PWM4_LoadDutyValue		CODE           	042F	0000	23

mcc_generated_files/pwm4.c estimated size: 33

mcc_generated_files/tmr2.c
		_TMR2_Initialize		CODE           	061E	0000	8

mcc_generated_files/tmr2.c estimated size: 8

mcc_generated_files/interrupt_manager.c
		_INTERRUPT_InterruptManager		CODE           	0004	0000	15

mcc_generated_files/interrupt_manager.c estimated size: 15

mcc_generated_files/epwm2.c
		_EPWM2_LoadDutyValue		CODE           	0446	0000	23
		_EPWM2_Initialize		CODE           	058D	0000	14

mcc_generated_files/epwm2.c estimated size: 37

mcc_generated_files/pin_manager.c
		_PIN_MANAGER_Initialize		CODE           	031A	0000	41
		_IOCBF7_DefaultInterruptHandler		CODE           	06AE	0000	1
		_IOCBF7_ISR    		CODE           	05C5	0000	14
		_PIN_MANAGER_IOC		CODE           	0615	0000	9
		_IOCBF7_SetInterruptHandler		CODE           	0647	0000	5

mcc_generated_files/pin_manager.c estimated size: 70

mcc_generated_files/drivers/i2c_simple_master.c
		_rdBlkRegCompleteHandler@i2c_simple_master$F1288		CODE           	03E2	0000	26
		_wr1RegCompleteHandler@i2c_simple_master$F1258		CODE           	050B	0000	19
		_wr2RegCompleteHandler@i2c_simple_master$F1282		CODE           	056A	0000	19
		_rd1RegCompleteHandler@i2c_simple_master$F1268		CODE           	04F8	0000	19
		_rd2RegCompleteHandler@i2c_simple_master$F1276		CODE           	04E5	0000	19

mcc_generated_files/drivers/i2c_simple_master.c estimated size: 102

shared
		i1_EPWM1_LoadDutyValue		CODE           	04A2	0000	23
		i1_DELAY_milliseconds		CODE           	04CF	0000	22
		i1_PWM4_LoadDutyValue		CODE           	0474	0000	23
		__initialization		CODE           	0015	0000	8
		_i2c1_fsmStateTable		STRCODE        	036A	0000	32
		i1_EPWM2_LoadDutyValue		CODE           	048B	0000	23

shared estimated size: 131

mcc_generated_files/mcc.c
		_WDT_Initialize		CODE           	0683	0000	4
		_OSCILLATOR_Initialize		CODE           	05ED	0000	12
		_SYSTEM_Initialize		CODE           	0416	0000	25

mcc_generated_files/mcc.c estimated size: 41

mcc_generated_files/epwm1.c
		_EPWM1_LoadDutyValue		CODE           	045D	0000	23
		_EPWM1_Initialize		CODE           	059B	0000	14

mcc_generated_files/epwm1.c estimated size: 37

mcc_generated_files/delay.c
		_DELAY_milliseconds		CODE           	04B9	0000	22

mcc_generated_files/delay.c estimated size: 22

main.c
		_ButtonInterrupt		CODE           	03A9	0000	29
		_main          		CODE           	0021	0000	303

main.c estimated size: 332

